Archive member included to satisfy reference by file (symbol)

e:/atmel/studio/7.0/toolchain/avr8/avr8-gnu-toolchain/bin/../lib/gcc/avr/5.4.0/../../../../avr/lib/avr5\libm.a(cmpsf2.o)
                              goldboard4/VL53L0X.o (__ltsf2)
e:/atmel/studio/7.0/toolchain/avr8/avr8-gnu-toolchain/bin/../lib/gcc/avr/5.4.0/../../../../avr/lib/avr5\libm.a(fixunssfsi.o)
                              goldboard4/VL53L0X.o (__fixunssfsi)
e:/atmel/studio/7.0/toolchain/avr8/avr8-gnu-toolchain/bin/../lib/gcc/avr/5.4.0/../../../../avr/lib/avr5\libm.a(floatsisf.o)
                              goldboard4/VL53L0X.o (__floatunsisf)
e:/atmel/studio/7.0/toolchain/avr8/avr8-gnu-toolchain/bin/../lib/gcc/avr/5.4.0/../../../../avr/lib/avr5\libm.a(fp_cmp.o)
                              e:/atmel/studio/7.0/toolchain/avr8/avr8-gnu-toolchain/bin/../lib/gcc/avr/5.4.0/../../../../avr/lib/avr5\libm.a(cmpsf2.o) (__fp_cmp)
e:/atmel/studio/7.0/toolchain/avr8/avr8-gnu-toolchain/bin/../lib/gcc/avr/5.4.0/../../../../avr/lib/avr5\libm.a(fp_split3.o)
                              e:/atmel/studio/7.0/toolchain/avr8/avr8-gnu-toolchain/bin/../lib/gcc/avr/5.4.0/../../../../avr/lib/avr5\libm.a(fixunssfsi.o) (__fp_splitA)
e:/atmel/studio/7.0/toolchain/avr8/avr8-gnu-toolchain/bin/../lib/gcc/avr/5.4.0/../../../../avr/lib/avr5\libm.a(fp_zero.o)
                              e:/atmel/studio/7.0/toolchain/avr8/avr8-gnu-toolchain/bin/../lib/gcc/avr/5.4.0/../../../../avr/lib/avr5\libm.a(fixunssfsi.o) (__fp_zero)
e:/atmel/studio/7.0/toolchain/avr8/avr8-gnu-toolchain/bin/../lib/gcc/avr/5.4.0/../../../../avr/lib/avr5\libm.a(gesf2.o)
                              goldboard4/VL53L0X.o (__gtsf2)
e:/atmel/studio/7.0/toolchain/avr8/avr8-gnu-toolchain/bin/../lib/gcc/avr/5.4.0/../../../../avr/lib/avr5\libm.a(mulsf3.o)
                              goldboard4/VL53L0X.o (__mulsf3)
e:/atmel/studio/7.0/toolchain/avr8/avr8-gnu-toolchain/bin/../lib/gcc/avr/5.4.0/../../../../avr/lib/avr5\libm.a(mulsf3x.o)
                              e:/atmel/studio/7.0/toolchain/avr8/avr8-gnu-toolchain/bin/../lib/gcc/avr/5.4.0/../../../../avr/lib/avr5\libm.a(mulsf3.o) (__mulsf3x)
e:/atmel/studio/7.0/toolchain/avr8/avr8-gnu-toolchain/bin/../lib/gcc/avr/5.4.0/../../../../avr/lib/avr5\libm.a(fp_inf.o)
                              e:/atmel/studio/7.0/toolchain/avr8/avr8-gnu-toolchain/bin/../lib/gcc/avr/5.4.0/../../../../avr/lib/avr5\libm.a(mulsf3x.o) (__fp_inf)
e:/atmel/studio/7.0/toolchain/avr8/avr8-gnu-toolchain/bin/../lib/gcc/avr/5.4.0/../../../../avr/lib/avr5\libm.a(fp_nan.o)
                              e:/atmel/studio/7.0/toolchain/avr8/avr8-gnu-toolchain/bin/../lib/gcc/avr/5.4.0/../../../../avr/lib/avr5\libm.a(mulsf3x.o) (__fp_nan)
e:/atmel/studio/7.0/toolchain/avr8/avr8-gnu-toolchain/bin/../lib/gcc/avr/5.4.0/../../../../avr/lib/avr5\libm.a(fp_pscA.o)
                              e:/atmel/studio/7.0/toolchain/avr8/avr8-gnu-toolchain/bin/../lib/gcc/avr/5.4.0/../../../../avr/lib/avr5\libm.a(mulsf3x.o) (__fp_pscA)
e:/atmel/studio/7.0/toolchain/avr8/avr8-gnu-toolchain/bin/../lib/gcc/avr/5.4.0/../../../../avr/lib/avr5\libm.a(fp_pscB.o)
                              e:/atmel/studio/7.0/toolchain/avr8/avr8-gnu-toolchain/bin/../lib/gcc/avr/5.4.0/../../../../avr/lib/avr5\libm.a(mulsf3x.o) (__fp_pscB)
e:/atmel/studio/7.0/toolchain/avr8/avr8-gnu-toolchain/bin/../lib/gcc/avr/5.4.0/../../../../avr/lib/avr5\libm.a(fp_round.o)
                              e:/atmel/studio/7.0/toolchain/avr8/avr8-gnu-toolchain/bin/../lib/gcc/avr/5.4.0/../../../../avr/lib/avr5\libm.a(mulsf3.o) (__fp_round)
e:/atmel/studio/7.0/toolchain/avr8/avr8-gnu-toolchain/bin/../lib/gcc/avr/5.4.0/avr5\libgcc.a(_udivmodhi4.o)
                              goldboard4/i2c.o (__udivmodhi4)
e:/atmel/studio/7.0/toolchain/avr8/avr8-gnu-toolchain/bin/../lib/gcc/avr/5.4.0/avr5\libgcc.a(_divmodhi4.o)
                              goldboard4/Motor.o (__divmodhi4)
e:/atmel/studio/7.0/toolchain/avr8/avr8-gnu-toolchain/bin/../lib/gcc/avr/5.4.0/avr5\libgcc.a(_udivmodsi4.o)
                              goldboard4/time.o (__udivmodsi4)
e:/atmel/studio/7.0/toolchain/avr8/avr8-gnu-toolchain/bin/../lib/gcc/avr/5.4.0/avr5\libgcc.a(_exit.o)
                              E:/Atmel/Studio/7.0/Packs/atmel/ATmega_DFP/1.2.132/gcc/dev/atmega32/avr5/crtatmega32.o (exit)
e:/atmel/studio/7.0/toolchain/avr8/avr8-gnu-toolchain/bin/../lib/gcc/avr/5.4.0/avr5\libgcc.a(_copy_data.o)
                              goldboard4/Goldboard4.o (__do_copy_data)
e:/atmel/studio/7.0/toolchain/avr8/avr8-gnu-toolchain/bin/../lib/gcc/avr/5.4.0/avr5\libgcc.a(_clear_bss.o)
                              goldboard4/i2c.o (__do_clear_bss)
e:/atmel/studio/7.0/toolchain/avr8/avr8-gnu-toolchain/bin/../lib/gcc/avr/5.4.0/avr5\libgcc.a(_ctors.o)
                              goldboard4/Wire.o (__do_global_ctors)
e:/atmel/studio/7.0/toolchain/avr8/avr8-gnu-toolchain/bin/../lib/gcc/avr/5.4.0/avr5\libgcc.a(_umulhisi3.o)
                              goldboard4/SRF08.o (__umulhisi3)
e:/atmel/studio/7.0/toolchain/avr8/avr8-gnu-toolchain/bin/../lib/gcc/avr/5.4.0/avr5\libgcc.a(_muluhisi3.o)
                              goldboard4/VL53L0X.o (__muluhisi3)
e:/atmel/studio/7.0/toolchain/avr8/avr8-gnu-toolchain/bin/../lib/gcc/avr/5.4.0/avr5\libgcc.a(_tablejump2.o)
                              e:/atmel/studio/7.0/toolchain/avr8/avr8-gnu-toolchain/bin/../lib/gcc/avr/5.4.0/avr5\libgcc.a(_ctors.o) (__tablejump2__)
e:/atmel/studio/7.0/toolchain/avr8/avr8-gnu-toolchain/bin/../lib/gcc/avr/5.4.0/../../../../avr/lib/avr5\libc.a(memcpy.o)
                              goldboard4/twi.o (memcpy)

Allocating common symbols
Common symbol       size              file

i2cBitrateKHz       0x2               goldboard4/i2c.o

Discarded input sections

 .data          0x00000000        0x0 E:/Atmel/Studio/7.0/Packs/atmel/ATmega_DFP/1.2.132/gcc/dev/atmega32/avr5/crtatmega32.o
 .bss           0x00000000        0x0 E:/Atmel/Studio/7.0/Packs/atmel/ATmega_DFP/1.2.132/gcc/dev/atmega32/avr5/crtatmega32.o
 .text          0x00000000        0x0 goldboard4/CMPS03.o
 .data          0x00000000        0x0 goldboard4/CMPS03.o
 .bss           0x00000000        0x0 goldboard4/CMPS03.o
 .text._ZN6CMPS03C2Ev
                0x00000000        0x6 goldboard4/CMPS03.o
 .text._ZN6CMPS034initEv
                0x00000000       0x14 goldboard4/CMPS03.o
 .text._ZN6CMPS038checkAckEv
                0x00000000        0x8 goldboard4/CMPS03.o
 .text._ZN6CMPS0316startMeasurementEv
                0x00000000       0x1e goldboard4/CMPS03.o
 .text._ZN6CMPS038getValueEv
                0x00000000       0x68 goldboard4/CMPS03.o
 .text._ZN6CMPS0314setAs128DegreeEv
                0x00000000       0x5a goldboard4/CMPS03.o
 .text._ZN6CMPS0319getMeasurementValueEPi
                0x00000000       0x14 goldboard4/CMPS03.o
 .text._ZN6CMPS0313isInitializedEv
                0x00000000        0x6 goldboard4/CMPS03.o
 .debug_info    0x00000000      0x5fe goldboard4/CMPS03.o
 .debug_abbrev  0x00000000      0x24c goldboard4/CMPS03.o
 .debug_loc     0x00000000      0x30a goldboard4/CMPS03.o
 .debug_aranges
                0x00000000       0x58 goldboard4/CMPS03.o
 .debug_ranges  0x00000000       0x48 goldboard4/CMPS03.o
 .debug_line    0x00000000      0x2a2 goldboard4/CMPS03.o
 .debug_str     0x00000000      0x3fe goldboard4/CMPS03.o
 .comment       0x00000000       0x31 goldboard4/CMPS03.o
 .debug_frame   0x00000000       0xbc goldboard4/CMPS03.o
 .text          0x00000000        0x0 goldboard4/Goldboard4.o
 .data          0x00000000        0x0 goldboard4/Goldboard4.o
 .bss           0x00000000        0x0 goldboard4/Goldboard4.o
 .text._ZN10Goldboard412setMotorsOffEv
                0x00000000       0x2c goldboard4/Goldboard4.o
 .text._ZN10Goldboard415setMotorsOffsetEi
                0x00000000        0x2 goldboard4/Goldboard4.o
 .text._ZN10Goldboard47initLEDEh
                0x00000000       0x40 goldboard4/Goldboard4.o
 .text._ZN10Goldboard46setLedEhb
                0x00000000       0x46 goldboard4/Goldboard4.o
 .text._ZN10Goldboard48setPowerEhb
                0x00000000        0x2 goldboard4/Goldboard4.o
 .text._ZN10Goldboard411setPowerPWMEhh
                0x00000000        0x2 goldboard4/Goldboard4.o
 .text._ZN10Goldboard411setPWMServoEhh
                0x00000000       0x12 goldboard4/Goldboard4.o
 .text._ZN10Goldboard413resetPWMServoEh
                0x00000000       0x12 goldboard4/Goldboard4.o
 .text._ZN10Goldboard49getButtonEh
                0x00000000       0x84 goldboard4/Goldboard4.o
 .text._ZN10Goldboard413waitForButtonEh
                0x00000000       0x2e goldboard4/Goldboard4.o
 .text._ZN10Goldboard49getAnalogEh
                0x00000000       0x26 goldboard4/Goldboard4.o
 .text._ZN10Goldboard410getDigitalEh
                0x00000000       0x52 goldboard4/Goldboard4.o
 .text._ZN10Goldboard410setDigitalEhb
                0x00000000       0x46 goldboard4/Goldboard4.o
 .text._ZN10Goldboard46getPWMEh
                0x00000000       0x36 goldboard4/Goldboard4.o
 .text._ZN10Goldboard417getPWMPulsedLightEh
                0x00000000        0x4 goldboard4/Goldboard4.o
 .text._ZN10Goldboard415calcPulsedValueEPm
                0x00000000       0x28 goldboard4/Goldboard4.o
 .text._ZN10Goldboard421getDigitalPulsedLightEh
                0x00000000       0x58 goldboard4/Goldboard4.o
 .rodata._ZL10BTLEDARRAY
                0x00000000        0x2 goldboard4/Goldboard4.o
 .rodata._ZL8PWMARRAY
                0x00000000        0x8 goldboard4/Goldboard4.o
 .rodata._ZL6DARRAY
                0x00000000        0x4 goldboard4/Goldboard4.o
 .rodata._ZL6AARRAY
                0x00000000        0x8 goldboard4/Goldboard4.o
 .text          0x00000000        0x0 goldboard4/i2c.o
 .data          0x00000000        0x0 goldboard4/i2c.o
 .bss           0x00000000        0x0 goldboard4/i2c.o
 .text.i2cInit  0x00000000       0x3e goldboard4/i2c.o
 .text.i2cClose
                0x00000000        0x6 goldboard4/i2c.o
 .text.i2cWaitForActionFinish
                0x00000000       0x14 goldboard4/i2c.o
 .text.i2cWaitForSignal
                0x00000000        0xa goldboard4/i2c.o
 .text.i2cOpen  0x00000000       0xae goldboard4/i2c.o
 .text.i2cWriteData
                0x00000000       0x1e goldboard4/i2c.o
 .text.i2cReadData
                0x00000000       0x2a goldboard4/i2c.o
 .text.i2cWriteToSlave
                0x00000000       0x64 goldboard4/i2c.o
 .text.i2cReadFromSlave
                0x00000000       0xa8 goldboard4/i2c.o
 .text.i2cWriteRegister
                0x00000000       0x26 goldboard4/i2c.o
 .text.i2cReadRegister
                0x00000000       0x40 goldboard4/i2c.o
 .text.i2cRead  0x00000000       0x3c goldboard4/i2c.o
 .text.i2cWait  0x00000000        0x4 goldboard4/i2c.o
 .text.i2cIsComplete
                0x00000000        0x4 goldboard4/i2c.o
 .text.i2cGetLastError
                0x00000000        0x4 goldboard4/i2c.o
 .text.i2cCheckAck
                0x00000000        0xc goldboard4/i2c.o
 .debug_info    0x00000000      0x6ec goldboard4/i2c.o
 .debug_abbrev  0x00000000      0x22c goldboard4/i2c.o
 .debug_loc     0x00000000      0x954 goldboard4/i2c.o
 .debug_aranges
                0x00000000       0x98 goldboard4/i2c.o
 .debug_ranges  0x00000000       0xb8 goldboard4/i2c.o
 .debug_line    0x00000000      0x46e goldboard4/i2c.o
 .debug_str     0x00000000      0x2f8 goldboard4/i2c.o
 .comment       0x00000000       0x31 goldboard4/i2c.o
 .debug_frame   0x00000000      0x1d8 goldboard4/i2c.o
 COMMON         0x00000000        0x2 goldboard4/i2c.o
 .text          0x00000000        0x0 goldboard4/infrared_pulse.o
 .data          0x00000000        0x0 goldboard4/infrared_pulse.o
 .bss           0x00000000        0x0 goldboard4/infrared_pulse.o
 .text._Z9pulse_isrv
                0x00000000       0x36 goldboard4/infrared_pulse.o
 .text._Z15get_pulse_widthh
                0x00000000       0x34 goldboard4/infrared_pulse.o
 .bss._ZZ9pulse_isrvE5index
                0x00000000        0x1 goldboard4/infrared_pulse.o
 .bss.pulseBuffer
                0x00000000       0x14 goldboard4/infrared_pulse.o
 .debug_info    0x00000000      0x131 goldboard4/infrared_pulse.o
 .debug_abbrev  0x00000000       0xde goldboard4/infrared_pulse.o
 .debug_loc     0x00000000       0xb2 goldboard4/infrared_pulse.o
 .debug_aranges
                0x00000000       0x28 goldboard4/infrared_pulse.o
 .debug_ranges  0x00000000       0x30 goldboard4/infrared_pulse.o
 .debug_line    0x00000000       0xfe goldboard4/infrared_pulse.o
 .debug_str     0x00000000      0x209 goldboard4/infrared_pulse.o
 .comment       0x00000000       0x31 goldboard4/infrared_pulse.o
 .debug_frame   0x00000000       0x34 goldboard4/infrared_pulse.o
 .text          0x00000000        0x0 goldboard4/Motor.o
 .data          0x00000000        0x0 goldboard4/Motor.o
 .bss           0x00000000        0x0 goldboard4/Motor.o
 .text._Z15setAccelerationh
                0x00000000        0x6 goldboard4/Motor.o
 .text._Z13setMotorSpeedhi
                0x00000000       0x12 goldboard4/Motor.o
 .text._ZN5Motor15setAccelerationEh
                0x00000000        0x6 goldboard4/Motor.o
 .text          0x00000000        0x0 goldboard4/PCF8574A.o
 .data          0x00000000        0x0 goldboard4/PCF8574A.o
 .bss           0x00000000        0x0 goldboard4/PCF8574A.o
 .text._ZN8PCF8574A4readEv
                0x00000000       0x22 goldboard4/PCF8574A.o
 .text          0x00000000        0x0 goldboard4/pwm.o
 .data          0x00000000        0x0 goldboard4/pwm.o
 .bss           0x00000000        0x0 goldboard4/pwm.o
 .text          0x00000000        0x0 goldboard4/servopwm.o
 .data          0x00000000        0x0 goldboard4/servopwm.o
 .bss           0x00000000        0x0 goldboard4/servopwm.o
 .debug_line    0x00000000        0x0 goldboard4/servopwm.o
 .debug_str     0x00000000      0x127 goldboard4/servopwm.o
 .comment       0x00000000       0x31 goldboard4/servopwm.o
 .text          0x00000000        0x0 goldboard4/SRF08.o
 .data          0x00000000        0x0 goldboard4/SRF08.o
 .bss           0x00000000        0x0 goldboard4/SRF08.o
 .text._ZN5SRF08C2Ev
                0x00000000        0x6 goldboard4/SRF08.o
 .text._ZN5SRF0810getValueCMEv
                0x00000000      0x116 goldboard4/SRF08.o
 .text._ZN5SRF0813changeAddressEh
                0x00000000       0x9a goldboard4/SRF08.o
 .text._ZN5SRF0813isInitializedEv
                0x00000000        0x6 goldboard4/SRF08.o
 .text._ZN5SRF087setGainEh
                0x00000000       0x14 goldboard4/SRF08.o
 .text._ZN5SRF088setRangeEj
                0x00000000       0x50 goldboard4/SRF08.o
 .text._ZN5SRF084initEh
                0x00000000       0x9e goldboard4/SRF08.o
 .text._ZN5SRF088checkAckEv
                0x00000000       0x10 goldboard4/SRF08.o
 .debug_info    0x00000000      0x7ff goldboard4/SRF08.o
 .debug_abbrev  0x00000000      0x295 goldboard4/SRF08.o
 .debug_loc     0x00000000      0x58b goldboard4/SRF08.o
 .debug_aranges
                0x00000000       0x58 goldboard4/SRF08.o
 .debug_ranges  0x00000000       0x48 goldboard4/SRF08.o
 .debug_line    0x00000000      0x33c goldboard4/SRF08.o
 .debug_str     0x00000000      0x452 goldboard4/SRF08.o
 .comment       0x00000000       0x31 goldboard4/SRF08.o
 .debug_frame   0x00000000      0x104 goldboard4/SRF08.o
 .text          0x00000000        0x0 goldboard4/time.o
 .data          0x00000000        0x0 goldboard4/time.o
 .bss           0x00000000        0x0 goldboard4/time.o
 .text._Z7_millisv
                0x00000000       0x12 goldboard4/time.o
 .text          0x00000000        0x0 goldboard4/twi.o
 .data          0x00000000        0x0 goldboard4/twi.o
 .bss           0x00000000        0x0 goldboard4/twi.o
 .text._Z9twi_startv
                0x00000000        0x6 goldboard4/twi.o
 .text._Z8twi_stopv
                0x00000000        0x6 goldboard4/twi.o
 .text._Z7twi_ackv
                0x00000000        0x6 goldboard4/twi.o
 .text._Z8twi_nackv
                0x00000000        0x6 goldboard4/twi.o
 .text._Z8twi_sendh
                0x00000000        0x4 goldboard4/twi.o
 .text._Z8twi_readhhPFvhPhE
                0x00000000       0x3c goldboard4/twi.o
 .text._Z17twi_read_registerhhhPFvhPhE
                0x00000000       0x44 goldboard4/twi.o
 .text          0x00000000        0x0 goldboard4/uart.o
 .data          0x00000000        0x0 goldboard4/uart.o
 .bss           0x00000000        0x0 goldboard4/uart.o
 .text.uart_init
                0x00000000       0x28 goldboard4/uart.o
 .text.uart_getc
                0x00000000       0x32 goldboard4/uart.o
 .text.uart_putc
                0x00000000       0x22 goldboard4/uart.o
 .text.uart_puts
                0x00000000       0x1e goldboard4/uart.o
 .text.uart_puts_p
                0x00000000       0x24 goldboard4/uart.o
 .text          0x00000000        0x0 goldboard4/usring.o
 .data          0x00000000        0x0 goldboard4/usring.o
 .bss           0x00000000        0x0 goldboard4/usring.o
 .text._ZN6usringC2Ev
                0x00000000        0x6 goldboard4/usring.o
 .text._ZN6usring4initEv
                0x00000000       0x2c goldboard4/usring.o
 .text._ZN6usring8getValueEv
                0x00000000       0x3a goldboard4/usring.o
 .text._ZN6usring13isInitializedEv
                0x00000000        0x6 goldboard4/usring.o
 .text._ZN6usring8checkAckEv
                0x00000000        0x8 goldboard4/usring.o
 .text._ZN6usring14getanalogValueEh
                0x00000000       0x32 goldboard4/usring.o
 .text._ZN6usring23setThresholdValueGolbalEh
                0x00000000       0x14 goldboard4/usring.o
 .debug_info    0x00000000      0x58b goldboard4/usring.o
 .debug_abbrev  0x00000000      0x20d goldboard4/usring.o
 .debug_loc     0x00000000      0x2dc goldboard4/usring.o
 .debug_aranges
                0x00000000       0x50 goldboard4/usring.o
 .debug_ranges  0x00000000       0x40 goldboard4/usring.o
 .debug_line    0x00000000      0x1fd goldboard4/usring.o
 .debug_str     0x00000000      0x3df goldboard4/usring.o
 .comment       0x00000000       0x31 goldboard4/usring.o
 .debug_frame   0x00000000       0xb0 goldboard4/usring.o
 .text          0x00000000        0x0 goldboard4/VL53L0X.o
 .data          0x00000000        0x0 goldboard4/VL53L0X.o
 .bss           0x00000000        0x0 goldboard4/VL53L0X.o
 .text._ZN7VL53L0XC2Ev
                0x00000000        0xe goldboard4/VL53L0X.o
 .text._ZN7VL53L0X15timeoutOccurredEv
                0x00000000        0x8 goldboard4/VL53L0X.o
 .text._ZN7VL53L0X13decodeTimeoutEj
                0x00000000       0x16 goldboard4/VL53L0X.o
 .text._ZN7VL53L0X13encodeTimeoutEj
                0x00000000       0x58 goldboard4/VL53L0X.o
 .text._ZN7VL53L0X26timeoutMclksToMicrosecondsEjh
                0x00000000       0xa2 goldboard4/VL53L0X.o
 .text._ZN7VL53L0X26timeoutMicrosecondsToMclksEmh
                0x00000000       0x8a goldboard4/VL53L0X.o
 .text._ZN7VL53L0X8writeRegEhh
                0x00000000       0x40 goldboard4/VL53L0X.o
 .text._ZN7VL53L0X10setAddressEh
                0x00000000       0x1e goldboard4/VL53L0X.o
 .text._ZN7VL53L0X14stopContinuousEv
                0x00000000       0x46 goldboard4/VL53L0X.o
 .text._ZN7VL53L0X13writeReg16BitEhj
                0x00000000       0x66 goldboard4/VL53L0X.o
 .text._ZN7VL53L0X18setSignalRateLimitEf
                0x00000000       0x6e goldboard4/VL53L0X.o
 .text._ZN7VL53L0X13writeReg32BitEhm
                0x00000000       0x9e goldboard4/VL53L0X.o
 .text._ZN7VL53L0X10writeMultiEhPKhh
                0x00000000       0x72 goldboard4/VL53L0X.o
 .text._ZN7VL53L0X7readRegEh
                0x00000000       0x44 goldboard4/VL53L0X.o
 .text._ZN7VL53L0X19getVcselPulsePeriodENS_15vcselPeriodTypeE
                0x00000000       0x24 goldboard4/VL53L0X.o
 .text._ZN7VL53L0X11getSpadInfoEPhPb
                0x00000000      0x13a goldboard4/VL53L0X.o
 .text._ZN7VL53L0X22getSequenceStepEnablesEPNS_19SequenceStepEnablesE
                0x00000000       0x3a goldboard4/VL53L0X.o
 .text._ZN7VL53L0X27performSingleRefCalibrationEh
                0x00000000       0x64 goldboard4/VL53L0X.o
 .text._ZN7VL53L0X12readReg16BitEh
                0x00000000       0x56 goldboard4/VL53L0X.o
 .text._ZN7VL53L0X18getSignalRateLimitEv
                0x00000000       0x1e goldboard4/VL53L0X.o
 .text._ZN7VL53L0X15startContinuousEm
                0x00000000       0xaa goldboard4/VL53L0X.o
 .text._ZN7VL53L0X30readRangeContinuousMillimetersEv
                0x00000000       0x6a goldboard4/VL53L0X.o
 .text._ZN7VL53L0X26readRangeSingleMillimetersEv
                0x00000000       0x9c goldboard4/VL53L0X.o
 .text._ZN7VL53L0X23getSequenceStepTimeoutsEPKNS_19SequenceStepEnablesEPNS_20SequenceStepTimeoutsE
                0x00000000       0xac goldboard4/VL53L0X.o
 .text._ZN7VL53L0X26setMeasurementTimingBudgetEm
                0x00000000      0x15e goldboard4/VL53L0X.o
 .text._ZN7VL53L0X26getMeasurementTimingBudgetEv
                0x00000000      0x11c goldboard4/VL53L0X.o
 .text._ZN7VL53L0X19setVcselPulsePeriodENS_15vcselPeriodTypeEh
                0x00000000      0x2d6 goldboard4/VL53L0X.o
 .text._ZN7VL53L0X12readReg32BitEh
                0x00000000       0xc8 goldboard4/VL53L0X.o
 .text._ZN7VL53L0X9readMultiEhPhh
                0x00000000       0x76 goldboard4/VL53L0X.o
 .text._ZN7VL53L0X4initEb
                0x00000000      0x55e goldboard4/VL53L0X.o
 .debug_info    0x00000000     0x3866 goldboard4/VL53L0X.o
 .debug_abbrev  0x00000000      0x401 goldboard4/VL53L0X.o
 .debug_loc     0x00000000     0x1ac9 goldboard4/VL53L0X.o
 .debug_aranges
                0x00000000      0x108 goldboard4/VL53L0X.o
 .debug_ranges  0x00000000      0x158 goldboard4/VL53L0X.o
 .debug_line    0x00000000      0xd9e goldboard4/VL53L0X.o
 .debug_str     0x00000000     0x149d goldboard4/VL53L0X.o
 .comment       0x00000000       0x31 goldboard4/VL53L0X.o
 .debug_frame   0x00000000      0x4ec goldboard4/VL53L0X.o
 .group         0x00000000        0x8 goldboard4/Wire.o
 .text          0x00000000        0x0 goldboard4/Wire.o
 .data          0x00000000        0x0 goldboard4/Wire.o
 .bss           0x00000000        0x0 goldboard4/Wire.o
 .text._ZN7TwoWireC2Ev
                0x00000000        0xc goldboard4/Wire.o
 .text._ZN7TwoWire5beginEv
                0x00000000       0x12 goldboard4/Wire.o
 .text._ZN7TwoWire5beginEh
                0x00000000        0x6 goldboard4/Wire.o
 .text._ZN7TwoWire5beginEi
                0x00000000        0x6 goldboard4/Wire.o
 .text._ZN7TwoWire3endEv
                0x00000000        0x2 goldboard4/Wire.o
 .text._ZN7TwoWire8setClockEm
                0x00000000        0x2 goldboard4/Wire.o
 .text._ZN7TwoWire11requestFromEhhh
                0x00000000        0xc goldboard4/Wire.o
 .text._ZN7TwoWire11requestFromEhh
                0x00000000        0xc goldboard4/Wire.o
 .text._ZN7TwoWire11requestFromEii
                0x00000000        0xc goldboard4/Wire.o
 .text._ZN7TwoWire11requestFromEiii
                0x00000000        0xc goldboard4/Wire.o
 .text._ZN7TwoWire17beginTransmissionEh
                0x00000000       0x14 goldboard4/Wire.o
 .text._ZN7TwoWire11requestFromEhhmhh
                0x00000000       0x94 goldboard4/Wire.o
 .text._ZN7TwoWire17beginTransmissionEi
                0x00000000        0x6 goldboard4/Wire.o
 .text._ZN7TwoWire15endTransmissionEh
                0x00000000       0x10 goldboard4/Wire.o
 .text._ZN7TwoWire15endTransmissionEv
                0x00000000       0x10 goldboard4/Wire.o
 .text._ZN7TwoWire16onReceiveServiceEPhi
                0x00000000       0x58 goldboard4/Wire.o
 .text._ZN7TwoWire16onRequestServiceEv
                0x00000000       0x18 goldboard4/Wire.o
 .text._ZN7TwoWire9onReceiveEPFviE
                0x00000000        0xa goldboard4/Wire.o
 .text._ZN7TwoWire9onRequestEPFvvE
                0x00000000        0xa goldboard4/Wire.o
 .bss._ZN7TwoWire14user_onReceiveE
                0x00000000        0x2 goldboard4/Wire.o
 .bss._ZN7TwoWire14user_onRequestE
                0x00000000        0x2 goldboard4/Wire.o
 .bss._ZN7TwoWire9txAddressE
                0x00000000        0x1 goldboard4/Wire.o
 .text          0x00000000        0x0 main.o
 .data          0x00000000        0x0 main.o
 .bss           0x00000000        0x0 main.o
 .text          0x00000000        0x0 e:/atmel/studio/7.0/toolchain/avr8/avr8-gnu-toolchain/bin/../lib/gcc/avr/5.4.0/../../../../avr/lib/avr5\libm.a(cmpsf2.o)
 .data          0x00000000        0x0 e:/atmel/studio/7.0/toolchain/avr8/avr8-gnu-toolchain/bin/../lib/gcc/avr/5.4.0/../../../../avr/lib/avr5\libm.a(cmpsf2.o)
 .bss           0x00000000        0x0 e:/atmel/studio/7.0/toolchain/avr8/avr8-gnu-toolchain/bin/../lib/gcc/avr/5.4.0/../../../../avr/lib/avr5\libm.a(cmpsf2.o)
 .text.avr-libc.fplib
                0x00000000        0xa e:/atmel/studio/7.0/toolchain/avr8/avr8-gnu-toolchain/bin/../lib/gcc/avr/5.4.0/../../../../avr/lib/avr5\libm.a(cmpsf2.o)
 .text          0x00000000        0x0 e:/atmel/studio/7.0/toolchain/avr8/avr8-gnu-toolchain/bin/../lib/gcc/avr/5.4.0/../../../../avr/lib/avr5\libm.a(fixunssfsi.o)
 .data          0x00000000        0x0 e:/atmel/studio/7.0/toolchain/avr8/avr8-gnu-toolchain/bin/../lib/gcc/avr/5.4.0/../../../../avr/lib/avr5\libm.a(fixunssfsi.o)
 .bss           0x00000000        0x0 e:/atmel/studio/7.0/toolchain/avr8/avr8-gnu-toolchain/bin/../lib/gcc/avr/5.4.0/../../../../avr/lib/avr5\libm.a(fixunssfsi.o)
 .text.avr-libc.fplib
                0x00000000       0x5e e:/atmel/studio/7.0/toolchain/avr8/avr8-gnu-toolchain/bin/../lib/gcc/avr/5.4.0/../../../../avr/lib/avr5\libm.a(fixunssfsi.o)
 .text          0x00000000        0x0 e:/atmel/studio/7.0/toolchain/avr8/avr8-gnu-toolchain/bin/../lib/gcc/avr/5.4.0/../../../../avr/lib/avr5\libm.a(floatsisf.o)
 .data          0x00000000        0x0 e:/atmel/studio/7.0/toolchain/avr8/avr8-gnu-toolchain/bin/../lib/gcc/avr/5.4.0/../../../../avr/lib/avr5\libm.a(floatsisf.o)
 .bss           0x00000000        0x0 e:/atmel/studio/7.0/toolchain/avr8/avr8-gnu-toolchain/bin/../lib/gcc/avr/5.4.0/../../../../avr/lib/avr5\libm.a(floatsisf.o)
 .text.avr-libc.fplib
                0x00000000       0x7a e:/atmel/studio/7.0/toolchain/avr8/avr8-gnu-toolchain/bin/../lib/gcc/avr/5.4.0/../../../../avr/lib/avr5\libm.a(floatsisf.o)
 .text          0x00000000        0x0 e:/atmel/studio/7.0/toolchain/avr8/avr8-gnu-toolchain/bin/../lib/gcc/avr/5.4.0/../../../../avr/lib/avr5\libm.a(fp_cmp.o)
 .data          0x00000000        0x0 e:/atmel/studio/7.0/toolchain/avr8/avr8-gnu-toolchain/bin/../lib/gcc/avr/5.4.0/../../../../avr/lib/avr5\libm.a(fp_cmp.o)
 .bss           0x00000000        0x0 e:/atmel/studio/7.0/toolchain/avr8/avr8-gnu-toolchain/bin/../lib/gcc/avr/5.4.0/../../../../avr/lib/avr5\libm.a(fp_cmp.o)
 .text.avr-libc.fplib
                0x00000000       0x48 e:/atmel/studio/7.0/toolchain/avr8/avr8-gnu-toolchain/bin/../lib/gcc/avr/5.4.0/../../../../avr/lib/avr5\libm.a(fp_cmp.o)
 .text          0x00000000        0x0 e:/atmel/studio/7.0/toolchain/avr8/avr8-gnu-toolchain/bin/../lib/gcc/avr/5.4.0/../../../../avr/lib/avr5\libm.a(fp_split3.o)
 .data          0x00000000        0x0 e:/atmel/studio/7.0/toolchain/avr8/avr8-gnu-toolchain/bin/../lib/gcc/avr/5.4.0/../../../../avr/lib/avr5\libm.a(fp_split3.o)
 .bss           0x00000000        0x0 e:/atmel/studio/7.0/toolchain/avr8/avr8-gnu-toolchain/bin/../lib/gcc/avr/5.4.0/../../../../avr/lib/avr5\libm.a(fp_split3.o)
 .text.avr-libc.fplib
                0x00000000       0x44 e:/atmel/studio/7.0/toolchain/avr8/avr8-gnu-toolchain/bin/../lib/gcc/avr/5.4.0/../../../../avr/lib/avr5\libm.a(fp_split3.o)
 .text          0x00000000        0x0 e:/atmel/studio/7.0/toolchain/avr8/avr8-gnu-toolchain/bin/../lib/gcc/avr/5.4.0/../../../../avr/lib/avr5\libm.a(fp_zero.o)
 .data          0x00000000        0x0 e:/atmel/studio/7.0/toolchain/avr8/avr8-gnu-toolchain/bin/../lib/gcc/avr/5.4.0/../../../../avr/lib/avr5\libm.a(fp_zero.o)
 .bss           0x00000000        0x0 e:/atmel/studio/7.0/toolchain/avr8/avr8-gnu-toolchain/bin/../lib/gcc/avr/5.4.0/../../../../avr/lib/avr5\libm.a(fp_zero.o)
 .text.avr-libc.fplib
                0x00000000        0xe e:/atmel/studio/7.0/toolchain/avr8/avr8-gnu-toolchain/bin/../lib/gcc/avr/5.4.0/../../../../avr/lib/avr5\libm.a(fp_zero.o)
 .text          0x00000000        0x0 e:/atmel/studio/7.0/toolchain/avr8/avr8-gnu-toolchain/bin/../lib/gcc/avr/5.4.0/../../../../avr/lib/avr5\libm.a(gesf2.o)
 .data          0x00000000        0x0 e:/atmel/studio/7.0/toolchain/avr8/avr8-gnu-toolchain/bin/../lib/gcc/avr/5.4.0/../../../../avr/lib/avr5\libm.a(gesf2.o)
 .bss           0x00000000        0x0 e:/atmel/studio/7.0/toolchain/avr8/avr8-gnu-toolchain/bin/../lib/gcc/avr/5.4.0/../../../../avr/lib/avr5\libm.a(gesf2.o)
 .text.avr-libc.fplib
                0x00000000        0xa e:/atmel/studio/7.0/toolchain/avr8/avr8-gnu-toolchain/bin/../lib/gcc/avr/5.4.0/../../../../avr/lib/avr5\libm.a(gesf2.o)
 .text          0x00000000        0x0 e:/atmel/studio/7.0/toolchain/avr8/avr8-gnu-toolchain/bin/../lib/gcc/avr/5.4.0/../../../../avr/lib/avr5\libm.a(mulsf3.o)
 .data          0x00000000        0x0 e:/atmel/studio/7.0/toolchain/avr8/avr8-gnu-toolchain/bin/../lib/gcc/avr/5.4.0/../../../../avr/lib/avr5\libm.a(mulsf3.o)
 .bss           0x00000000        0x0 e:/atmel/studio/7.0/toolchain/avr8/avr8-gnu-toolchain/bin/../lib/gcc/avr/5.4.0/../../../../avr/lib/avr5\libm.a(mulsf3.o)
 .text.avr-libc.fplib
                0x00000000        0x8 e:/atmel/studio/7.0/toolchain/avr8/avr8-gnu-toolchain/bin/../lib/gcc/avr/5.4.0/../../../../avr/lib/avr5\libm.a(mulsf3.o)
 .text          0x00000000        0x0 e:/atmel/studio/7.0/toolchain/avr8/avr8-gnu-toolchain/bin/../lib/gcc/avr/5.4.0/../../../../avr/lib/avr5\libm.a(mulsf3x.o)
 .data          0x00000000        0x0 e:/atmel/studio/7.0/toolchain/avr8/avr8-gnu-toolchain/bin/../lib/gcc/avr/5.4.0/../../../../avr/lib/avr5\libm.a(mulsf3x.o)
 .bss           0x00000000        0x0 e:/atmel/studio/7.0/toolchain/avr8/avr8-gnu-toolchain/bin/../lib/gcc/avr/5.4.0/../../../../avr/lib/avr5\libm.a(mulsf3x.o)
 .text.avr-libc.fplib
                0x00000000       0xd2 e:/atmel/studio/7.0/toolchain/avr8/avr8-gnu-toolchain/bin/../lib/gcc/avr/5.4.0/../../../../avr/lib/avr5\libm.a(mulsf3x.o)
 .text          0x00000000        0x0 e:/atmel/studio/7.0/toolchain/avr8/avr8-gnu-toolchain/bin/../lib/gcc/avr/5.4.0/../../../../avr/lib/avr5\libm.a(fp_inf.o)
 .data          0x00000000        0x0 e:/atmel/studio/7.0/toolchain/avr8/avr8-gnu-toolchain/bin/../lib/gcc/avr/5.4.0/../../../../avr/lib/avr5\libm.a(fp_inf.o)
 .bss           0x00000000        0x0 e:/atmel/studio/7.0/toolchain/avr8/avr8-gnu-toolchain/bin/../lib/gcc/avr/5.4.0/../../../../avr/lib/avr5\libm.a(fp_inf.o)
 .text.avr-libc.fplib
                0x00000000        0xc e:/atmel/studio/7.0/toolchain/avr8/avr8-gnu-toolchain/bin/../lib/gcc/avr/5.4.0/../../../../avr/lib/avr5\libm.a(fp_inf.o)
 .text          0x00000000        0x0 e:/atmel/studio/7.0/toolchain/avr8/avr8-gnu-toolchain/bin/../lib/gcc/avr/5.4.0/../../../../avr/lib/avr5\libm.a(fp_nan.o)
 .data          0x00000000        0x0 e:/atmel/studio/7.0/toolchain/avr8/avr8-gnu-toolchain/bin/../lib/gcc/avr/5.4.0/../../../../avr/lib/avr5\libm.a(fp_nan.o)
 .bss           0x00000000        0x0 e:/atmel/studio/7.0/toolchain/avr8/avr8-gnu-toolchain/bin/../lib/gcc/avr/5.4.0/../../../../avr/lib/avr5\libm.a(fp_nan.o)
 .text.avr-libc.fplib
                0x00000000        0x6 e:/atmel/studio/7.0/toolchain/avr8/avr8-gnu-toolchain/bin/../lib/gcc/avr/5.4.0/../../../../avr/lib/avr5\libm.a(fp_nan.o)
 .text          0x00000000        0x0 e:/atmel/studio/7.0/toolchain/avr8/avr8-gnu-toolchain/bin/../lib/gcc/avr/5.4.0/../../../../avr/lib/avr5\libm.a(fp_pscA.o)
 .data          0x00000000        0x0 e:/atmel/studio/7.0/toolchain/avr8/avr8-gnu-toolchain/bin/../lib/gcc/avr/5.4.0/../../../../avr/lib/avr5\libm.a(fp_pscA.o)
 .bss           0x00000000        0x0 e:/atmel/studio/7.0/toolchain/avr8/avr8-gnu-toolchain/bin/../lib/gcc/avr/5.4.0/../../../../avr/lib/avr5\libm.a(fp_pscA.o)
 .text.avr-libc.fplib
                0x00000000        0xe e:/atmel/studio/7.0/toolchain/avr8/avr8-gnu-toolchain/bin/../lib/gcc/avr/5.4.0/../../../../avr/lib/avr5\libm.a(fp_pscA.o)
 .text          0x00000000        0x0 e:/atmel/studio/7.0/toolchain/avr8/avr8-gnu-toolchain/bin/../lib/gcc/avr/5.4.0/../../../../avr/lib/avr5\libm.a(fp_pscB.o)
 .data          0x00000000        0x0 e:/atmel/studio/7.0/toolchain/avr8/avr8-gnu-toolchain/bin/../lib/gcc/avr/5.4.0/../../../../avr/lib/avr5\libm.a(fp_pscB.o)
 .bss           0x00000000        0x0 e:/atmel/studio/7.0/toolchain/avr8/avr8-gnu-toolchain/bin/../lib/gcc/avr/5.4.0/../../../../avr/lib/avr5\libm.a(fp_pscB.o)
 .text.avr-libc.fplib
                0x00000000        0xe e:/atmel/studio/7.0/toolchain/avr8/avr8-gnu-toolchain/bin/../lib/gcc/avr/5.4.0/../../../../avr/lib/avr5\libm.a(fp_pscB.o)
 .text          0x00000000        0x0 e:/atmel/studio/7.0/toolchain/avr8/avr8-gnu-toolchain/bin/../lib/gcc/avr/5.4.0/../../../../avr/lib/avr5\libm.a(fp_round.o)
 .data          0x00000000        0x0 e:/atmel/studio/7.0/toolchain/avr8/avr8-gnu-toolchain/bin/../lib/gcc/avr/5.4.0/../../../../avr/lib/avr5\libm.a(fp_round.o)
 .bss           0x00000000        0x0 e:/atmel/studio/7.0/toolchain/avr8/avr8-gnu-toolchain/bin/../lib/gcc/avr/5.4.0/../../../../avr/lib/avr5\libm.a(fp_round.o)
 .text.avr-libc.fplib
                0x00000000       0x22 e:/atmel/studio/7.0/toolchain/avr8/avr8-gnu-toolchain/bin/../lib/gcc/avr/5.4.0/../../../../avr/lib/avr5\libm.a(fp_round.o)
 .text          0x00000000        0x0 e:/atmel/studio/7.0/toolchain/avr8/avr8-gnu-toolchain/bin/../lib/gcc/avr/5.4.0/avr5\libgcc.a(_udivmodhi4.o)
 .data          0x00000000        0x0 e:/atmel/studio/7.0/toolchain/avr8/avr8-gnu-toolchain/bin/../lib/gcc/avr/5.4.0/avr5\libgcc.a(_udivmodhi4.o)
 .bss           0x00000000        0x0 e:/atmel/studio/7.0/toolchain/avr8/avr8-gnu-toolchain/bin/../lib/gcc/avr/5.4.0/avr5\libgcc.a(_udivmodhi4.o)
 .text.libgcc.mul
                0x00000000        0x0 e:/atmel/studio/7.0/toolchain/avr8/avr8-gnu-toolchain/bin/../lib/gcc/avr/5.4.0/avr5\libgcc.a(_udivmodhi4.o)
 .text.libgcc   0x00000000        0x0 e:/atmel/studio/7.0/toolchain/avr8/avr8-gnu-toolchain/bin/../lib/gcc/avr/5.4.0/avr5\libgcc.a(_udivmodhi4.o)
 .text.libgcc.prologue
                0x00000000        0x0 e:/atmel/studio/7.0/toolchain/avr8/avr8-gnu-toolchain/bin/../lib/gcc/avr/5.4.0/avr5\libgcc.a(_udivmodhi4.o)
 .text.libgcc.builtins
                0x00000000        0x0 e:/atmel/studio/7.0/toolchain/avr8/avr8-gnu-toolchain/bin/../lib/gcc/avr/5.4.0/avr5\libgcc.a(_udivmodhi4.o)
 .text.libgcc.fmul
                0x00000000        0x0 e:/atmel/studio/7.0/toolchain/avr8/avr8-gnu-toolchain/bin/../lib/gcc/avr/5.4.0/avr5\libgcc.a(_udivmodhi4.o)
 .text.libgcc.fixed
                0x00000000        0x0 e:/atmel/studio/7.0/toolchain/avr8/avr8-gnu-toolchain/bin/../lib/gcc/avr/5.4.0/avr5\libgcc.a(_udivmodhi4.o)
 .text          0x00000000        0x0 e:/atmel/studio/7.0/toolchain/avr8/avr8-gnu-toolchain/bin/../lib/gcc/avr/5.4.0/avr5\libgcc.a(_divmodhi4.o)
 .data          0x00000000        0x0 e:/atmel/studio/7.0/toolchain/avr8/avr8-gnu-toolchain/bin/../lib/gcc/avr/5.4.0/avr5\libgcc.a(_divmodhi4.o)
 .bss           0x00000000        0x0 e:/atmel/studio/7.0/toolchain/avr8/avr8-gnu-toolchain/bin/../lib/gcc/avr/5.4.0/avr5\libgcc.a(_divmodhi4.o)
 .text.libgcc.mul
                0x00000000        0x0 e:/atmel/studio/7.0/toolchain/avr8/avr8-gnu-toolchain/bin/../lib/gcc/avr/5.4.0/avr5\libgcc.a(_divmodhi4.o)
 .text.libgcc   0x00000000        0x0 e:/atmel/studio/7.0/toolchain/avr8/avr8-gnu-toolchain/bin/../lib/gcc/avr/5.4.0/avr5\libgcc.a(_divmodhi4.o)
 .text.libgcc.prologue
                0x00000000        0x0 e:/atmel/studio/7.0/toolchain/avr8/avr8-gnu-toolchain/bin/../lib/gcc/avr/5.4.0/avr5\libgcc.a(_divmodhi4.o)
 .text.libgcc.builtins
                0x00000000        0x0 e:/atmel/studio/7.0/toolchain/avr8/avr8-gnu-toolchain/bin/../lib/gcc/avr/5.4.0/avr5\libgcc.a(_divmodhi4.o)
 .text.libgcc.fmul
                0x00000000        0x0 e:/atmel/studio/7.0/toolchain/avr8/avr8-gnu-toolchain/bin/../lib/gcc/avr/5.4.0/avr5\libgcc.a(_divmodhi4.o)
 .text.libgcc.fixed
                0x00000000        0x0 e:/atmel/studio/7.0/toolchain/avr8/avr8-gnu-toolchain/bin/../lib/gcc/avr/5.4.0/avr5\libgcc.a(_divmodhi4.o)
 .text          0x00000000        0x0 e:/atmel/studio/7.0/toolchain/avr8/avr8-gnu-toolchain/bin/../lib/gcc/avr/5.4.0/avr5\libgcc.a(_udivmodsi4.o)
 .data          0x00000000        0x0 e:/atmel/studio/7.0/toolchain/avr8/avr8-gnu-toolchain/bin/../lib/gcc/avr/5.4.0/avr5\libgcc.a(_udivmodsi4.o)
 .bss           0x00000000        0x0 e:/atmel/studio/7.0/toolchain/avr8/avr8-gnu-toolchain/bin/../lib/gcc/avr/5.4.0/avr5\libgcc.a(_udivmodsi4.o)
 .text.libgcc.mul
                0x00000000        0x0 e:/atmel/studio/7.0/toolchain/avr8/avr8-gnu-toolchain/bin/../lib/gcc/avr/5.4.0/avr5\libgcc.a(_udivmodsi4.o)
 .text.libgcc   0x00000000        0x0 e:/atmel/studio/7.0/toolchain/avr8/avr8-gnu-toolchain/bin/../lib/gcc/avr/5.4.0/avr5\libgcc.a(_udivmodsi4.o)
 .text.libgcc.prologue
                0x00000000        0x0 e:/atmel/studio/7.0/toolchain/avr8/avr8-gnu-toolchain/bin/../lib/gcc/avr/5.4.0/avr5\libgcc.a(_udivmodsi4.o)
 .text.libgcc.builtins
                0x00000000        0x0 e:/atmel/studio/7.0/toolchain/avr8/avr8-gnu-toolchain/bin/../lib/gcc/avr/5.4.0/avr5\libgcc.a(_udivmodsi4.o)
 .text.libgcc.fmul
                0x00000000        0x0 e:/atmel/studio/7.0/toolchain/avr8/avr8-gnu-toolchain/bin/../lib/gcc/avr/5.4.0/avr5\libgcc.a(_udivmodsi4.o)
 .text.libgcc.fixed
                0x00000000        0x0 e:/atmel/studio/7.0/toolchain/avr8/avr8-gnu-toolchain/bin/../lib/gcc/avr/5.4.0/avr5\libgcc.a(_udivmodsi4.o)
 .text          0x00000000        0x0 e:/atmel/studio/7.0/toolchain/avr8/avr8-gnu-toolchain/bin/../lib/gcc/avr/5.4.0/avr5\libgcc.a(_exit.o)
 .data          0x00000000        0x0 e:/atmel/studio/7.0/toolchain/avr8/avr8-gnu-toolchain/bin/../lib/gcc/avr/5.4.0/avr5\libgcc.a(_exit.o)
 .bss           0x00000000        0x0 e:/atmel/studio/7.0/toolchain/avr8/avr8-gnu-toolchain/bin/../lib/gcc/avr/5.4.0/avr5\libgcc.a(_exit.o)
 .text.libgcc.mul
                0x00000000        0x0 e:/atmel/studio/7.0/toolchain/avr8/avr8-gnu-toolchain/bin/../lib/gcc/avr/5.4.0/avr5\libgcc.a(_exit.o)
 .text.libgcc.div
                0x00000000        0x0 e:/atmel/studio/7.0/toolchain/avr8/avr8-gnu-toolchain/bin/../lib/gcc/avr/5.4.0/avr5\libgcc.a(_exit.o)
 .text.libgcc   0x00000000        0x0 e:/atmel/studio/7.0/toolchain/avr8/avr8-gnu-toolchain/bin/../lib/gcc/avr/5.4.0/avr5\libgcc.a(_exit.o)
 .text.libgcc.prologue
                0x00000000        0x0 e:/atmel/studio/7.0/toolchain/avr8/avr8-gnu-toolchain/bin/../lib/gcc/avr/5.4.0/avr5\libgcc.a(_exit.o)
 .text.libgcc.builtins
                0x00000000        0x0 e:/atmel/studio/7.0/toolchain/avr8/avr8-gnu-toolchain/bin/../lib/gcc/avr/5.4.0/avr5\libgcc.a(_exit.o)
 .text.libgcc.fmul
                0x00000000        0x0 e:/atmel/studio/7.0/toolchain/avr8/avr8-gnu-toolchain/bin/../lib/gcc/avr/5.4.0/avr5\libgcc.a(_exit.o)
 .text.libgcc.fixed
                0x00000000        0x0 e:/atmel/studio/7.0/toolchain/avr8/avr8-gnu-toolchain/bin/../lib/gcc/avr/5.4.0/avr5\libgcc.a(_exit.o)
 .text          0x00000000        0x0 e:/atmel/studio/7.0/toolchain/avr8/avr8-gnu-toolchain/bin/../lib/gcc/avr/5.4.0/avr5\libgcc.a(_copy_data.o)
 .data          0x00000000        0x0 e:/atmel/studio/7.0/toolchain/avr8/avr8-gnu-toolchain/bin/../lib/gcc/avr/5.4.0/avr5\libgcc.a(_copy_data.o)
 .bss           0x00000000        0x0 e:/atmel/studio/7.0/toolchain/avr8/avr8-gnu-toolchain/bin/../lib/gcc/avr/5.4.0/avr5\libgcc.a(_copy_data.o)
 .text.libgcc.mul
                0x00000000        0x0 e:/atmel/studio/7.0/toolchain/avr8/avr8-gnu-toolchain/bin/../lib/gcc/avr/5.4.0/avr5\libgcc.a(_copy_data.o)
 .text.libgcc.div
                0x00000000        0x0 e:/atmel/studio/7.0/toolchain/avr8/avr8-gnu-toolchain/bin/../lib/gcc/avr/5.4.0/avr5\libgcc.a(_copy_data.o)
 .text.libgcc   0x00000000        0x0 e:/atmel/studio/7.0/toolchain/avr8/avr8-gnu-toolchain/bin/../lib/gcc/avr/5.4.0/avr5\libgcc.a(_copy_data.o)
 .text.libgcc.prologue
                0x00000000        0x0 e:/atmel/studio/7.0/toolchain/avr8/avr8-gnu-toolchain/bin/../lib/gcc/avr/5.4.0/avr5\libgcc.a(_copy_data.o)
 .text.libgcc.builtins
                0x00000000        0x0 e:/atmel/studio/7.0/toolchain/avr8/avr8-gnu-toolchain/bin/../lib/gcc/avr/5.4.0/avr5\libgcc.a(_copy_data.o)
 .text.libgcc.fmul
                0x00000000        0x0 e:/atmel/studio/7.0/toolchain/avr8/avr8-gnu-toolchain/bin/../lib/gcc/avr/5.4.0/avr5\libgcc.a(_copy_data.o)
 .text.libgcc.fixed
                0x00000000        0x0 e:/atmel/studio/7.0/toolchain/avr8/avr8-gnu-toolchain/bin/../lib/gcc/avr/5.4.0/avr5\libgcc.a(_copy_data.o)
 .text          0x00000000        0x0 e:/atmel/studio/7.0/toolchain/avr8/avr8-gnu-toolchain/bin/../lib/gcc/avr/5.4.0/avr5\libgcc.a(_clear_bss.o)
 .data          0x00000000        0x0 e:/atmel/studio/7.0/toolchain/avr8/avr8-gnu-toolchain/bin/../lib/gcc/avr/5.4.0/avr5\libgcc.a(_clear_bss.o)
 .bss           0x00000000        0x0 e:/atmel/studio/7.0/toolchain/avr8/avr8-gnu-toolchain/bin/../lib/gcc/avr/5.4.0/avr5\libgcc.a(_clear_bss.o)
 .text.libgcc.mul
                0x00000000        0x0 e:/atmel/studio/7.0/toolchain/avr8/avr8-gnu-toolchain/bin/../lib/gcc/avr/5.4.0/avr5\libgcc.a(_clear_bss.o)
 .text.libgcc.div
                0x00000000        0x0 e:/atmel/studio/7.0/toolchain/avr8/avr8-gnu-toolchain/bin/../lib/gcc/avr/5.4.0/avr5\libgcc.a(_clear_bss.o)
 .text.libgcc   0x00000000        0x0 e:/atmel/studio/7.0/toolchain/avr8/avr8-gnu-toolchain/bin/../lib/gcc/avr/5.4.0/avr5\libgcc.a(_clear_bss.o)
 .text.libgcc.prologue
                0x00000000        0x0 e:/atmel/studio/7.0/toolchain/avr8/avr8-gnu-toolchain/bin/../lib/gcc/avr/5.4.0/avr5\libgcc.a(_clear_bss.o)
 .text.libgcc.builtins
                0x00000000        0x0 e:/atmel/studio/7.0/toolchain/avr8/avr8-gnu-toolchain/bin/../lib/gcc/avr/5.4.0/avr5\libgcc.a(_clear_bss.o)
 .text.libgcc.fmul
                0x00000000        0x0 e:/atmel/studio/7.0/toolchain/avr8/avr8-gnu-toolchain/bin/../lib/gcc/avr/5.4.0/avr5\libgcc.a(_clear_bss.o)
 .text.libgcc.fixed
                0x00000000        0x0 e:/atmel/studio/7.0/toolchain/avr8/avr8-gnu-toolchain/bin/../lib/gcc/avr/5.4.0/avr5\libgcc.a(_clear_bss.o)
 .text          0x00000000        0x0 e:/atmel/studio/7.0/toolchain/avr8/avr8-gnu-toolchain/bin/../lib/gcc/avr/5.4.0/avr5\libgcc.a(_ctors.o)
 .data          0x00000000        0x0 e:/atmel/studio/7.0/toolchain/avr8/avr8-gnu-toolchain/bin/../lib/gcc/avr/5.4.0/avr5\libgcc.a(_ctors.o)
 .bss           0x00000000        0x0 e:/atmel/studio/7.0/toolchain/avr8/avr8-gnu-toolchain/bin/../lib/gcc/avr/5.4.0/avr5\libgcc.a(_ctors.o)
 .text.libgcc.mul
                0x00000000        0x0 e:/atmel/studio/7.0/toolchain/avr8/avr8-gnu-toolchain/bin/../lib/gcc/avr/5.4.0/avr5\libgcc.a(_ctors.o)
 .text.libgcc.div
                0x00000000        0x0 e:/atmel/studio/7.0/toolchain/avr8/avr8-gnu-toolchain/bin/../lib/gcc/avr/5.4.0/avr5\libgcc.a(_ctors.o)
 .text.libgcc   0x00000000        0x0 e:/atmel/studio/7.0/toolchain/avr8/avr8-gnu-toolchain/bin/../lib/gcc/avr/5.4.0/avr5\libgcc.a(_ctors.o)
 .text.libgcc.prologue
                0x00000000        0x0 e:/atmel/studio/7.0/toolchain/avr8/avr8-gnu-toolchain/bin/../lib/gcc/avr/5.4.0/avr5\libgcc.a(_ctors.o)
 .text.libgcc.builtins
                0x00000000        0x0 e:/atmel/studio/7.0/toolchain/avr8/avr8-gnu-toolchain/bin/../lib/gcc/avr/5.4.0/avr5\libgcc.a(_ctors.o)
 .text.libgcc.fmul
                0x00000000        0x0 e:/atmel/studio/7.0/toolchain/avr8/avr8-gnu-toolchain/bin/../lib/gcc/avr/5.4.0/avr5\libgcc.a(_ctors.o)
 .text.libgcc.fixed
                0x00000000        0x0 e:/atmel/studio/7.0/toolchain/avr8/avr8-gnu-toolchain/bin/../lib/gcc/avr/5.4.0/avr5\libgcc.a(_ctors.o)
 .text          0x00000000        0x0 e:/atmel/studio/7.0/toolchain/avr8/avr8-gnu-toolchain/bin/../lib/gcc/avr/5.4.0/avr5\libgcc.a(_umulhisi3.o)
 .data          0x00000000        0x0 e:/atmel/studio/7.0/toolchain/avr8/avr8-gnu-toolchain/bin/../lib/gcc/avr/5.4.0/avr5\libgcc.a(_umulhisi3.o)
 .bss           0x00000000        0x0 e:/atmel/studio/7.0/toolchain/avr8/avr8-gnu-toolchain/bin/../lib/gcc/avr/5.4.0/avr5\libgcc.a(_umulhisi3.o)
 .text.libgcc.mul
                0x00000000       0x1e e:/atmel/studio/7.0/toolchain/avr8/avr8-gnu-toolchain/bin/../lib/gcc/avr/5.4.0/avr5\libgcc.a(_umulhisi3.o)
 .text.libgcc.div
                0x00000000        0x0 e:/atmel/studio/7.0/toolchain/avr8/avr8-gnu-toolchain/bin/../lib/gcc/avr/5.4.0/avr5\libgcc.a(_umulhisi3.o)
 .text.libgcc   0x00000000        0x0 e:/atmel/studio/7.0/toolchain/avr8/avr8-gnu-toolchain/bin/../lib/gcc/avr/5.4.0/avr5\libgcc.a(_umulhisi3.o)
 .text.libgcc.prologue
                0x00000000        0x0 e:/atmel/studio/7.0/toolchain/avr8/avr8-gnu-toolchain/bin/../lib/gcc/avr/5.4.0/avr5\libgcc.a(_umulhisi3.o)
 .text.libgcc.builtins
                0x00000000        0x0 e:/atmel/studio/7.0/toolchain/avr8/avr8-gnu-toolchain/bin/../lib/gcc/avr/5.4.0/avr5\libgcc.a(_umulhisi3.o)
 .text.libgcc.fmul
                0x00000000        0x0 e:/atmel/studio/7.0/toolchain/avr8/avr8-gnu-toolchain/bin/../lib/gcc/avr/5.4.0/avr5\libgcc.a(_umulhisi3.o)
 .text.libgcc.fixed
                0x00000000        0x0 e:/atmel/studio/7.0/toolchain/avr8/avr8-gnu-toolchain/bin/../lib/gcc/avr/5.4.0/avr5\libgcc.a(_umulhisi3.o)
 .text          0x00000000        0x0 e:/atmel/studio/7.0/toolchain/avr8/avr8-gnu-toolchain/bin/../lib/gcc/avr/5.4.0/avr5\libgcc.a(_muluhisi3.o)
 .data          0x00000000        0x0 e:/atmel/studio/7.0/toolchain/avr8/avr8-gnu-toolchain/bin/../lib/gcc/avr/5.4.0/avr5\libgcc.a(_muluhisi3.o)
 .bss           0x00000000        0x0 e:/atmel/studio/7.0/toolchain/avr8/avr8-gnu-toolchain/bin/../lib/gcc/avr/5.4.0/avr5\libgcc.a(_muluhisi3.o)
 .text.libgcc.mul
                0x00000000       0x16 e:/atmel/studio/7.0/toolchain/avr8/avr8-gnu-toolchain/bin/../lib/gcc/avr/5.4.0/avr5\libgcc.a(_muluhisi3.o)
 .text.libgcc.div
                0x00000000        0x0 e:/atmel/studio/7.0/toolchain/avr8/avr8-gnu-toolchain/bin/../lib/gcc/avr/5.4.0/avr5\libgcc.a(_muluhisi3.o)
 .text.libgcc   0x00000000        0x0 e:/atmel/studio/7.0/toolchain/avr8/avr8-gnu-toolchain/bin/../lib/gcc/avr/5.4.0/avr5\libgcc.a(_muluhisi3.o)
 .text.libgcc.prologue
                0x00000000        0x0 e:/atmel/studio/7.0/toolchain/avr8/avr8-gnu-toolchain/bin/../lib/gcc/avr/5.4.0/avr5\libgcc.a(_muluhisi3.o)
 .text.libgcc.builtins
                0x00000000        0x0 e:/atmel/studio/7.0/toolchain/avr8/avr8-gnu-toolchain/bin/../lib/gcc/avr/5.4.0/avr5\libgcc.a(_muluhisi3.o)
 .text.libgcc.fmul
                0x00000000        0x0 e:/atmel/studio/7.0/toolchain/avr8/avr8-gnu-toolchain/bin/../lib/gcc/avr/5.4.0/avr5\libgcc.a(_muluhisi3.o)
 .text.libgcc.fixed
                0x00000000        0x0 e:/atmel/studio/7.0/toolchain/avr8/avr8-gnu-toolchain/bin/../lib/gcc/avr/5.4.0/avr5\libgcc.a(_muluhisi3.o)
 .text          0x00000000        0x0 e:/atmel/studio/7.0/toolchain/avr8/avr8-gnu-toolchain/bin/../lib/gcc/avr/5.4.0/avr5\libgcc.a(_tablejump2.o)
 .data          0x00000000        0x0 e:/atmel/studio/7.0/toolchain/avr8/avr8-gnu-toolchain/bin/../lib/gcc/avr/5.4.0/avr5\libgcc.a(_tablejump2.o)
 .bss           0x00000000        0x0 e:/atmel/studio/7.0/toolchain/avr8/avr8-gnu-toolchain/bin/../lib/gcc/avr/5.4.0/avr5\libgcc.a(_tablejump2.o)
 .text.libgcc.mul
                0x00000000        0x0 e:/atmel/studio/7.0/toolchain/avr8/avr8-gnu-toolchain/bin/../lib/gcc/avr/5.4.0/avr5\libgcc.a(_tablejump2.o)
 .text.libgcc.div
                0x00000000        0x0 e:/atmel/studio/7.0/toolchain/avr8/avr8-gnu-toolchain/bin/../lib/gcc/avr/5.4.0/avr5\libgcc.a(_tablejump2.o)
 .text.libgcc.prologue
                0x00000000        0x0 e:/atmel/studio/7.0/toolchain/avr8/avr8-gnu-toolchain/bin/../lib/gcc/avr/5.4.0/avr5\libgcc.a(_tablejump2.o)
 .text.libgcc.builtins
                0x00000000        0x0 e:/atmel/studio/7.0/toolchain/avr8/avr8-gnu-toolchain/bin/../lib/gcc/avr/5.4.0/avr5\libgcc.a(_tablejump2.o)
 .text.libgcc.fmul
                0x00000000        0x0 e:/atmel/studio/7.0/toolchain/avr8/avr8-gnu-toolchain/bin/../lib/gcc/avr/5.4.0/avr5\libgcc.a(_tablejump2.o)
 .text.libgcc.fixed
                0x00000000        0x0 e:/atmel/studio/7.0/toolchain/avr8/avr8-gnu-toolchain/bin/../lib/gcc/avr/5.4.0/avr5\libgcc.a(_tablejump2.o)
 .text          0x00000000        0x0 e:/atmel/studio/7.0/toolchain/avr8/avr8-gnu-toolchain/bin/../lib/gcc/avr/5.4.0/../../../../avr/lib/avr5\libc.a(memcpy.o)
 .data          0x00000000        0x0 e:/atmel/studio/7.0/toolchain/avr8/avr8-gnu-toolchain/bin/../lib/gcc/avr/5.4.0/../../../../avr/lib/avr5\libc.a(memcpy.o)
 .bss           0x00000000        0x0 e:/atmel/studio/7.0/toolchain/avr8/avr8-gnu-toolchain/bin/../lib/gcc/avr/5.4.0/../../../../avr/lib/avr5\libc.a(memcpy.o)

Memory Configuration

Name             Origin             Length             Attributes
text             0x00000000         0x00020000         xr
data             0x00800060         0x0000ffa0         rw !x
eeprom           0x00810000         0x00010000         rw !x
fuse             0x00820000         0x00000002         rw !x
lock             0x00830000         0x00000400         rw !x
signature        0x00840000         0x00000400         rw !x
user_signatures  0x00850000         0x00000400         rw !x
*default*        0x00000000         0xffffffff

Linker script and memory map

LOAD E:/Atmel/Studio/7.0/Packs/atmel/ATmega_DFP/1.2.132/gcc/dev/atmega32/avr5/crtatmega32.o
LOAD goldboard4/CMPS03.o
LOAD goldboard4/Goldboard4.o
LOAD goldboard4/i2c.o
LOAD goldboard4/infrared_pulse.o
LOAD goldboard4/Motor.o
LOAD goldboard4/PCF8574A.o
LOAD goldboard4/pwm.o
LOAD goldboard4/servopwm.o
LOAD goldboard4/SRF08.o
LOAD goldboard4/time.o
LOAD goldboard4/twi.o
LOAD goldboard4/uart.o
LOAD goldboard4/usring.o
LOAD goldboard4/VL53L0X.o
LOAD goldboard4/Wire.o
LOAD main.o
START GROUP
LOAD e:/atmel/studio/7.0/toolchain/avr8/avr8-gnu-toolchain/bin/../lib/gcc/avr/5.4.0/../../../../avr/lib/avr5\libm.a
END GROUP
LOAD e:/atmel/studio/7.0/toolchain/avr8/avr8-gnu-toolchain/bin/../lib/gcc/avr/5.4.0/avr5\libgcc.a
LOAD e:/atmel/studio/7.0/toolchain/avr8/avr8-gnu-toolchain/bin/../lib/gcc/avr/5.4.0/../../../../avr/lib/avr5\libm.a
START GROUP
LOAD e:/atmel/studio/7.0/toolchain/avr8/avr8-gnu-toolchain/bin/../lib/gcc/avr/5.4.0/avr5\libgcc.a
LOAD e:/atmel/studio/7.0/toolchain/avr8/avr8-gnu-toolchain/bin/../lib/gcc/avr/5.4.0/../../../../avr/lib/avr5\libm.a
LOAD e:/atmel/studio/7.0/toolchain/avr8/avr8-gnu-toolchain/bin/../lib/gcc/avr/5.4.0/../../../../avr/lib/avr5\libc.a
LOAD E:/Atmel/Studio/7.0/Packs/atmel/ATmega_DFP/1.2.132/gcc/dev/atmega32/avr5\libatmega32.a
END GROUP
                0x00020000                __TEXT_REGION_LENGTH__ = DEFINED (__TEXT_REGION_LENGTH__)?__TEXT_REGION_LENGTH__:0x20000
                0x0000ffa0                __DATA_REGION_LENGTH__ = DEFINED (__DATA_REGION_LENGTH__)?__DATA_REGION_LENGTH__:0xffa0
                0x00010000                __EEPROM_REGION_LENGTH__ = DEFINED (__EEPROM_REGION_LENGTH__)?__EEPROM_REGION_LENGTH__:0x10000
                [0x00000002]                __FUSE_REGION_LENGTH__ = DEFINED (__FUSE_REGION_LENGTH__)?__FUSE_REGION_LENGTH__:0x400
                0x00000400                __LOCK_REGION_LENGTH__ = DEFINED (__LOCK_REGION_LENGTH__)?__LOCK_REGION_LENGTH__:0x400
                0x00000400                __SIGNATURE_REGION_LENGTH__ = DEFINED (__SIGNATURE_REGION_LENGTH__)?__SIGNATURE_REGION_LENGTH__:0x400
                0x00000400                __USER_SIGNATURE_REGION_LENGTH__ = DEFINED (__USER_SIGNATURE_REGION_LENGTH__)?__USER_SIGNATURE_REGION_LENGTH__:0x400

.hash
 *(.hash)

.dynsym
 *(.dynsym)

.dynstr
 *(.dynstr)

.gnu.version
 *(.gnu.version)

.gnu.version_d
 *(.gnu.version_d)

.gnu.version_r
 *(.gnu.version_r)

.rel.init
 *(.rel.init)

.rela.init
 *(.rela.init)

.rel.text
 *(.rel.text)
 *(.rel.text.*)
 *(.rel.gnu.linkonce.t*)

.rela.text
 *(.rela.text)
 *(.rela.text.*)
 *(.rela.gnu.linkonce.t*)

.rel.fini
 *(.rel.fini)

.rela.fini
 *(.rela.fini)

.rel.rodata
 *(.rel.rodata)
 *(.rel.rodata.*)
 *(.rel.gnu.linkonce.r*)

.rela.rodata
 *(.rela.rodata)
 *(.rela.rodata.*)
 *(.rela.gnu.linkonce.r*)

.rel.data
 *(.rel.data)
 *(.rel.data.*)
 *(.rel.gnu.linkonce.d*)

.rela.data
 *(.rela.data)
 *(.rela.data.*)
 *(.rela.gnu.linkonce.d*)

.rel.ctors
 *(.rel.ctors)

.rela.ctors
 *(.rela.ctors)

.rel.dtors
 *(.rel.dtors)

.rela.dtors
 *(.rela.dtors)

.rel.got
 *(.rel.got)

.rela.got
 *(.rela.got)

.rel.bss
 *(.rel.bss)

.rela.bss
 *(.rela.bss)

.rel.plt
 *(.rel.plt)

.rela.plt
 *(.rela.plt)

.text           0x00000000      0xd88
 *(.vectors)
 .vectors       0x00000000       0x54 E:/Atmel/Studio/7.0/Packs/atmel/ATmega_DFP/1.2.132/gcc/dev/atmega32/avr5/crtatmega32.o
                0x00000000                __vector_default
                0x00000000                __vectors
 *(.vectors)
 *(.progmem.gcc*)
                0x00000054                . = ALIGN (0x2)
                0x00000054                __trampolines_start = .
 *(.trampolines)
 .trampolines   0x00000054        0x0 linker stubs
 *(.trampolines*)
                0x00000054                __trampolines_end = .
 *libprintf_flt.a:*(.progmem.data)
 *libc.a:*(.progmem.data)
 *(.progmem*)
                0x00000054                . = ALIGN (0x2)
 *(.jumptables)
 *(.jumptables*)
 *(.lowtext)
 *(.lowtext*)
                0x00000054                __ctors_start = .
 *(.ctors)
 .ctors         0x00000054        0x2 goldboard4/Wire.o
 .ctors         0x00000056        0x2 main.o
                0x00000058                __ctors_end = .
                0x00000058                __dtors_start = .
 *(.dtors)
                0x00000058                __dtors_end = .
 SORT(*)(.ctors)
 SORT(*)(.dtors)
 *(.init0)
 .init0         0x00000058        0x0 E:/Atmel/Studio/7.0/Packs/atmel/ATmega_DFP/1.2.132/gcc/dev/atmega32/avr5/crtatmega32.o
                0x00000058                __init
 *(.init0)
 *(.init1)
 *(.init1)
 *(.init2)
 .init2         0x00000058        0xc E:/Atmel/Studio/7.0/Packs/atmel/ATmega_DFP/1.2.132/gcc/dev/atmega32/avr5/crtatmega32.o
 *(.init2)
 *(.init3)
 *(.init3)
 *(.init4)
 .init4         0x00000064       0x16 e:/atmel/studio/7.0/toolchain/avr8/avr8-gnu-toolchain/bin/../lib/gcc/avr/5.4.0/avr5\libgcc.a(_copy_data.o)
                0x00000064                __do_copy_data
 .init4         0x0000007a       0x10 e:/atmel/studio/7.0/toolchain/avr8/avr8-gnu-toolchain/bin/../lib/gcc/avr/5.4.0/avr5\libgcc.a(_clear_bss.o)
                0x0000007a                __do_clear_bss
 *(.init4)
 *(.init5)
 *(.init5)
 *(.init6)
 .init6         0x0000008a       0x16 e:/atmel/studio/7.0/toolchain/avr8/avr8-gnu-toolchain/bin/../lib/gcc/avr/5.4.0/avr5\libgcc.a(_ctors.o)
                0x0000008a                __do_global_ctors
 *(.init6)
 *(.init7)
 *(.init7)
 *(.init8)
 *(.init8)
 *(.init9)
 .init9         0x000000a0        0x8 E:/Atmel/Studio/7.0/Packs/atmel/ATmega_DFP/1.2.132/gcc/dev/atmega32/avr5/crtatmega32.o
 *(.init9)
 *(.text)
 .text          0x000000a8        0x4 E:/Atmel/Studio/7.0/Packs/atmel/ATmega_DFP/1.2.132/gcc/dev/atmega32/avr5/crtatmega32.o
                0x000000a8                __vector_1
                0x000000a8                __vector_12
                0x000000a8                __bad_interrupt
                0x000000a8                __vector_6
                0x000000a8                __vector_3
                0x000000a8                __vector_11
                0x000000a8                __vector_17
                0x000000a8                __vector_7
                0x000000a8                __vector_5
                0x000000a8                __vector_9
                0x000000a8                __vector_2
                0x000000a8                __vector_15
                0x000000a8                __vector_8
                0x000000a8                __vector_16
                0x000000a8                __vector_18
                0x000000a8                __vector_20
                0x000000ac                . = ALIGN (0x2)
 *(.text.*)
 .text._ZN10Goldboard4C2Ev
                0x000000ac       0x8a goldboard4/Goldboard4.o
                0x000000ac                _ZN10Goldboard4C2Ev
                0x000000ac                _ZN10Goldboard4C1Ev
 .text._Z10initMotorsP8PCF8574A
                0x00000136       0x1a goldboard4/Motor.o
                0x00000136                _Z10initMotorsP8PCF8574A
 .text._Z9motor_isrv
                0x00000150      0x2ee goldboard4/Motor.o
                0x00000150                _Z9motor_isrv
 .text._ZN5MotorC2Ev
                0x0000043e        0x2 goldboard4/Motor.o
                0x0000043e                _ZN5MotorC2Ev
                0x0000043e                _ZN5MotorC1Ev
 .text._ZN5Motor4initEhP8PCF8574A
                0x00000440       0x28 goldboard4/Motor.o
                0x00000440                _ZN5Motor4initEhP8PCF8574A
 .text._ZN5Motor6rotateEi
                0x00000468       0x28 goldboard4/Motor.o
                0x00000468                _ZN5Motor6rotateEi
 .text._ZN8PCF8574AC2Ev
                0x00000490        0xa goldboard4/PCF8574A.o
                0x00000490                _ZN8PCF8574AC2Ev
                0x00000490                _ZN8PCF8574AC1Ev
 .text._ZN8PCF8574A4initEh
                0x0000049a        0x6 goldboard4/PCF8574A.o
                0x0000049a                _ZN8PCF8574A4initEh
 .text._ZN8PCF8574A6setPinEhb
                0x000004a0       0x3c goldboard4/PCF8574A.o
                0x000004a0                _ZN8PCF8574A6setPinEhb
 .text._ZN8PCF8574A5writeEv
                0x000004dc       0x24 goldboard4/PCF8574A.o
                0x000004dc                _ZN8PCF8574A5writeEv
 .text.__vector_4
                0x00000500      0x126 goldboard4/pwm.o
                0x00000500                __vector_4
 .text._Z6setPwmhh
                0x00000626       0x10 goldboard4/pwm.o
                0x00000626                _Z6setPwmhh
 .text._Z8sortDatav
                0x00000636       0x7a goldboard4/pwm.o
                0x00000636                _Z8sortDatav
 .text._Z8copyDatav
                0x000006b0       0x10 goldboard4/pwm.o
                0x000006b0                _Z8copyDatav
 .text._Z12calculateOCRv
                0x000006c0       0xea goldboard4/pwm.o
                0x000006c0                _Z12calculateOCRv
 .text._Z7initPwmv
                0x000007aa       0x80 goldboard4/pwm.o
                0x000007aa                _Z7initPwmv
 .text._Z9updatePwmv
                0x0000082a        0xe goldboard4/pwm.o
                0x0000082a                _Z9updatePwmv
 .text.__vector_10
                0x00000838       0x96 goldboard4/time.o
                0x00000838                __vector_10
 .text._Z10init_timerv
                0x000008ce       0x14 goldboard4/time.o
                0x000008ce                _Z10init_timerv
 .text._Z8twi_initv
                0x000008e2       0x1c goldboard4/twi.o
                0x000008e2                _Z8twi_initv
 .text._Z8twi_waitv
                0x000008fe        0xe goldboard4/twi.o
                0x000008fe                _Z8twi_waitv
 .text._Z8twi_recvv
                0x0000090c       0x1e goldboard4/twi.o
                0x0000090c                _Z8twi_recvv
 .text._Z9twi_replyv
                0x0000092a       0x20 goldboard4/twi.o
                0x0000092a                _Z9twi_replyv
 .text._Z8twi_donev
                0x0000094a       0x22 goldboard4/twi.o
                0x0000094a                _Z8twi_donev
 .text._Z9twi_writehPhhPFvhS_E
                0x0000096c       0x52 goldboard4/twi.o
                0x0000096c                _Z9twi_writehPhhPFvhS_E
 .text.__vector_19
                0x000009be       0xe4 goldboard4/twi.o
                0x000009be                __vector_19
 .text.__vector_13
                0x00000aa2       0x58 goldboard4/uart.o
                0x00000aa2                __vector_13
 .text.__vector_14
                0x00000afa       0x4a goldboard4/uart.o
                0x00000afa                __vector_14
 .text._ZN7TwoWire5writeEh
                0x00000b44       0x3a goldboard4/Wire.o
                0x00000b44                _ZN7TwoWire5writeEh
 .text._ZN7TwoWire5writeEPKhj
                0x00000b7e       0x56 goldboard4/Wire.o
                0x00000b7e                _ZN7TwoWire5writeEPKhj
 .text._ZN7TwoWire9availableEv
                0x00000bd4       0x10 goldboard4/Wire.o
                0x00000bd4                _ZN7TwoWire9availableEv
 .text._ZN7TwoWire4readEv
                0x00000be4       0x28 goldboard4/Wire.o
                0x00000be4                _ZN7TwoWire4readEv
 .text._ZN7TwoWire4peekEv
                0x00000c0c       0x1e goldboard4/Wire.o
                0x00000c0c                _ZN7TwoWire4peekEv
 .text._ZN7TwoWire5flushEv
                0x00000c2a        0x2 goldboard4/Wire.o
                0x00000c2a                _ZN7TwoWire5flushEv
 .text._GLOBAL__sub_I__ZN7TwoWire8rxBufferE
                0x00000c2c        0xe goldboard4/Wire.o
 .text.main     0x00000c3a       0x8e main.o
                0x00000c3a                main
 .text._GLOBAL__sub_I_gb
                0x00000cc8        0xa main.o
 .text.libgcc.div
                0x00000cd2       0x28 e:/atmel/studio/7.0/toolchain/avr8/avr8-gnu-toolchain/bin/../lib/gcc/avr/5.4.0/avr5\libgcc.a(_udivmodhi4.o)
                0x00000cd2                __udivmodhi4
 .text.libgcc.div
                0x00000cfa       0x28 e:/atmel/studio/7.0/toolchain/avr8/avr8-gnu-toolchain/bin/../lib/gcc/avr/5.4.0/avr5\libgcc.a(_divmodhi4.o)
                0x00000cfa                _div
                0x00000cfa                __divmodhi4
 .text.libgcc.div
                0x00000d22       0x44 e:/atmel/studio/7.0/toolchain/avr8/avr8-gnu-toolchain/bin/../lib/gcc/avr/5.4.0/avr5\libgcc.a(_udivmodsi4.o)
                0x00000d22                __udivmodsi4
 .text.libgcc   0x00000d66        0xc e:/atmel/studio/7.0/toolchain/avr8/avr8-gnu-toolchain/bin/../lib/gcc/avr/5.4.0/avr5\libgcc.a(_tablejump2.o)
                0x00000d66                __tablejump2__
 .text.avr-libc
                0x00000d72       0x12 e:/atmel/studio/7.0/toolchain/avr8/avr8-gnu-toolchain/bin/../lib/gcc/avr/5.4.0/../../../../avr/lib/avr5\libc.a(memcpy.o)
                0x00000d72                memcpy
                0x00000d84                . = ALIGN (0x2)
 *(.fini9)
 .fini9         0x00000d84        0x0 e:/atmel/studio/7.0/toolchain/avr8/avr8-gnu-toolchain/bin/../lib/gcc/avr/5.4.0/avr5\libgcc.a(_exit.o)
                0x00000d84                _exit
                0x00000d84                exit
 *(.fini9)
 *(.fini8)
 *(.fini8)
 *(.fini7)
 *(.fini7)
 *(.fini6)
 *(.fini6)
 *(.fini5)
 *(.fini5)
 *(.fini4)
 *(.fini4)
 *(.fini3)
 *(.fini3)
 *(.fini2)
 *(.fini2)
 *(.fini1)
 *(.fini1)
 *(.fini0)
 .fini0         0x00000d84        0x4 e:/atmel/studio/7.0/toolchain/avr8/avr8-gnu-toolchain/bin/../lib/gcc/avr/5.4.0/avr5\libgcc.a(_exit.o)
 *(.fini0)
                0x00000d88                _etext = .

.data           0x00800060       0x1a load address 0x00000d88
                0x00800060                PROVIDE (__data_start, .)
 *(.data)
 *(.data*)
 .data._ZZ10initMotorsP8PCF8574AE12initOnlyOnce
                0x00800060        0x1 goldboard4/Motor.o
 .data.acceleration
                0x00800061        0x1 goldboard4/Motor.o
                0x00800061                acceleration
 .data.loadingMask
                0x00800062        0x2 goldboard4/pwm.o
                0x00800062                loadingMask
 .data.workingMask
                0x00800064        0x2 goldboard4/pwm.o
                0x00800064                workingMask
 .data.loadingOCR
                0x00800066        0x2 goldboard4/pwm.o
                0x00800066                loadingOCR
 .data.workingOCR
                0x00800068        0x2 goldboard4/pwm.o
                0x00800068                workingOCR
 *(.rodata)
 *(.rodata*)
 .rodata._ZTV7TwoWire
                0x0080006a       0x10 goldboard4/Wire.o
                0x0080006a                _ZTV7TwoWire
 *(.gnu.linkonce.d*)
                0x0080007a                . = ALIGN (0x2)
                0x0080007a                _edata = .
                0x0080007a                PROVIDE (__data_end, .)

.bss            0x0080007a      0x108
                0x0080007a                PROVIDE (__bss_start, .)
 *(.bss)
 *(.bss*)
 .bss.pwm_change_flag
                0x0080007a        0x1 goldboard4/Motor.o
                0x0080007a                pwm_change_flag
 .bss.soll_motor_speed
                0x0080007b        0x8 goldboard4/Motor.o
                0x0080007b                soll_motor_speed
 .bss.ist_motor_speed
                0x00800083        0x8 goldboard4/Motor.o
                0x00800083                ist_motor_speed
 .bss.directionPortexpander
                0x0080008b        0x2 goldboard4/Motor.o
                0x0080008b                directionPortexpander
 .bss._ZZ10__vector_4E9pwm_index
                0x0080008d        0x1 goldboard4/pwm.o
 .bss.pwm_sync  0x0080008e        0x1 goldboard4/pwm.o
                0x0080008e                pwm_sync
 .bss.maskArray
                0x0080008f        0xe goldboard4/pwm.o
                0x0080008f                maskArray
 .bss.OCRArray  0x0080009d        0xe goldboard4/pwm.o
                0x0080009d                OCRArray
 .bss.sortingPointer
                0x008000ab        0x6 goldboard4/pwm.o
                0x008000ab                sortingPointer
 .bss.dutyCicles
                0x008000b1        0x6 goldboard4/pwm.o
                0x008000b1                dutyCicles
 .bss.time_in_ms
                0x008000b7        0x4 goldboard4/time.o
                0x008000b7                time_in_ms
 .bss._ZL12transmission
                0x008000bb       0x25 goldboard4/twi.o
 .bss._ZL4busy  0x008000e0        0x1 goldboard4/twi.o
 .bss.UART_LastRxError
                0x008000e1        0x1 goldboard4/uart.o
 .bss.UART_RxTail
                0x008000e2        0x1 goldboard4/uart.o
 .bss.UART_RxHead
                0x008000e3        0x1 goldboard4/uart.o
 .bss.UART_TxTail
                0x008000e4        0x1 goldboard4/uart.o
 .bss.UART_TxHead
                0x008000e5        0x1 goldboard4/uart.o
 .bss.UART_RxBuf
                0x008000e6       0x20 goldboard4/uart.o
 .bss.UART_TxBuf
                0x00800106       0x20 goldboard4/uart.o
 .bss.Wire      0x00800126        0x2 goldboard4/Wire.o
                0x00800126                Wire
 .bss._ZN7TwoWire12transmittingE
                0x00800128        0x1 goldboard4/Wire.o
                0x00800128                _ZN7TwoWire12transmittingE
 .bss._ZN7TwoWire14txBufferLengthE
                0x00800129        0x1 goldboard4/Wire.o
                0x00800129                _ZN7TwoWire14txBufferLengthE
 .bss._ZN7TwoWire13txBufferIndexE
                0x0080012a        0x1 goldboard4/Wire.o
                0x0080012a                _ZN7TwoWire13txBufferIndexE
 .bss._ZN7TwoWire8txBufferE
                0x0080012b       0x20 goldboard4/Wire.o
                0x0080012b                _ZN7TwoWire8txBufferE
 .bss._ZN7TwoWire14rxBufferLengthE
                0x0080014b        0x1 goldboard4/Wire.o
                0x0080014b                _ZN7TwoWire14rxBufferLengthE
 .bss._ZN7TwoWire13rxBufferIndexE
                0x0080014c        0x1 goldboard4/Wire.o
                0x0080014c                _ZN7TwoWire13rxBufferIndexE
 .bss._ZN7TwoWire8rxBufferE
                0x0080014d       0x20 goldboard4/Wire.o
                0x0080014d                _ZN7TwoWire8rxBufferE
 .bss.gb        0x0080016d       0x15 main.o
                0x0080016d                gb
 *(COMMON)
                0x00800182                PROVIDE (__bss_end, .)
                0x00000d88                __data_load_start = LOADADDR (.data)
                0x00000da2                __data_load_end = (__data_load_start + SIZEOF (.data))

.noinit         0x00800182        0x0
                [!provide]                PROVIDE (__noinit_start, .)
 *(.noinit*)
                [!provide]                PROVIDE (__noinit_end, .)
                0x00800182                _end = .
                [!provide]                PROVIDE (__heap_start, .)

.eeprom         0x00810000        0x0
 *(.eeprom*)
                0x00810000                __eeprom_end = .

.fuse
 *(.fuse)
 *(.lfuse)
 *(.hfuse)
 *(.efuse)

.lock
 *(.lock*)

.signature
 *(.signature*)

.user_signatures
 *(.user_signatures*)

.stab
 *(.stab)

.stabstr
 *(.stabstr)

.stab.excl
 *(.stab.excl)

.stab.exclstr
 *(.stab.exclstr)

.stab.index
 *(.stab.index)

.stab.indexstr
 *(.stab.indexstr)

.comment        0x00000000       0x30
 *(.comment)
 .comment       0x00000000       0x30 goldboard4/Goldboard4.o
                                 0x31 (size before relaxing)
 .comment       0x00000030       0x31 goldboard4/Motor.o
 .comment       0x00000030       0x31 goldboard4/PCF8574A.o
 .comment       0x00000030       0x31 goldboard4/pwm.o
 .comment       0x00000030       0x31 goldboard4/time.o
 .comment       0x00000030       0x31 goldboard4/twi.o
 .comment       0x00000030       0x31 goldboard4/uart.o
 .comment       0x00000030       0x31 goldboard4/Wire.o
 .comment       0x00000030       0x31 main.o

.note.gnu.avr.deviceinfo
                0x00000000       0x3c
 .note.gnu.avr.deviceinfo
                0x00000000       0x3c E:/Atmel/Studio/7.0/Packs/atmel/ATmega_DFP/1.2.132/gcc/dev/atmega32/avr5/crtatmega32.o

.note.gnu.build-id
 *(.note.gnu.build-id)

.debug
 *(.debug)

.line
 *(.line)

.debug_srcinfo
 *(.debug_srcinfo)

.debug_sfnames
 *(.debug_sfnames)

.debug_aranges  0x00000000      0x3a8
 *(.debug_aranges)
 .debug_aranges
                0x00000000       0xa8 goldboard4/Goldboard4.o
 .debug_aranges
                0x000000a8       0x58 goldboard4/Motor.o
 .debug_aranges
                0x00000100       0x40 goldboard4/PCF8574A.o
 .debug_aranges
                0x00000140       0x50 goldboard4/pwm.o
 .debug_aranges
                0x00000190       0x30 goldboard4/time.o
 .debug_aranges
                0x000001c0       0x88 goldboard4/twi.o
 .debug_aranges
                0x00000248       0x50 goldboard4/uart.o
 .debug_aranges
                0x00000298       0xe8 goldboard4/Wire.o
 .debug_aranges
                0x00000380       0x28 main.o

.debug_pubnames
 *(.debug_pubnames)

.debug_info     0x00000000     0x4843
 *(.debug_info .gnu.linkonce.wi.*)
 .debug_info    0x00000000      0x4e6 E:/Atmel/Studio/7.0/Packs/atmel/ATmega_DFP/1.2.132/gcc/dev/atmega32/avr5/crtatmega32.o
 .debug_info    0x000004e6      0xeb6 goldboard4/Goldboard4.o
 .debug_info    0x0000139c      0x9db goldboard4/Motor.o
 .debug_info    0x00001d77      0x2fa goldboard4/PCF8574A.o
 .debug_info    0x00002071      0x3ee goldboard4/pwm.o
 .debug_info    0x0000245f      0x1ed goldboard4/time.o
 .debug_info    0x0000264c      0x50f goldboard4/twi.o
 .debug_info    0x00002b5b      0x2fa goldboard4/uart.o
 .debug_info    0x00002e55     0x10e2 goldboard4/Wire.o
 .debug_info    0x00003f37      0x90c main.o

.debug_abbrev   0x00000000     0x181d
 *(.debug_abbrev)
 .debug_abbrev  0x00000000      0x4a3 E:/Atmel/Studio/7.0/Packs/atmel/ATmega_DFP/1.2.132/gcc/dev/atmega32/avr5/crtatmega32.o
 .debug_abbrev  0x000004a3      0x330 goldboard4/Goldboard4.o
 .debug_abbrev  0x000007d3      0x2c0 goldboard4/Motor.o
 .debug_abbrev  0x00000a93      0x1b2 goldboard4/PCF8574A.o
 .debug_abbrev  0x00000c45      0x18e goldboard4/pwm.o
 .debug_abbrev  0x00000dd3       0xe5 goldboard4/time.o
 .debug_abbrev  0x00000eb8      0x1fa goldboard4/twi.o
 .debug_abbrev  0x000010b2      0x120 goldboard4/uart.o
 .debug_abbrev  0x000011d2      0x3f8 goldboard4/Wire.o
 .debug_abbrev  0x000015ca      0x253 main.o

.debug_line     0x00000000     0x19b1
 *(.debug_line .debug_line.* .debug_line_end)
 .debug_line    0x00000000      0x115 E:/Atmel/Studio/7.0/Packs/atmel/ATmega_DFP/1.2.132/gcc/dev/atmega32/avr5/crtatmega32.o
 .debug_line    0x00000115      0x414 goldboard4/Goldboard4.o
 .debug_line    0x00000529      0x364 goldboard4/Motor.o
 .debug_line    0x0000088d      0x14d goldboard4/PCF8574A.o
 .debug_line    0x000009da      0x2eb goldboard4/pwm.o
 .debug_line    0x00000cc5      0x11c goldboard4/time.o
 .debug_line    0x00000de1      0x337 goldboard4/twi.o
 .debug_line    0x00001118      0x221 goldboard4/uart.o
 .debug_line    0x00001339      0x4b4 goldboard4/Wire.o
 .debug_line    0x000017ed      0x1c4 main.o

.debug_frame    0x00000000      0x998
 *(.debug_frame)
 .debug_frame   0x00000000      0x21c goldboard4/Goldboard4.o
 .debug_frame   0x0000021c       0xbc goldboard4/Motor.o
 .debug_frame   0x000002d8       0x7c goldboard4/PCF8574A.o
 .debug_frame   0x00000354       0xfc goldboard4/pwm.o
 .debug_frame   0x00000450       0x8c goldboard4/time.o
 .debug_frame   0x000004dc      0x18c goldboard4/twi.o
 .debug_frame   0x00000668       0xe0 goldboard4/uart.o
 .debug_frame   0x00000748      0x21c goldboard4/Wire.o
 .debug_frame   0x00000964       0x34 main.o

.debug_str      0x00000000     0x1550
 *(.debug_str)
 .debug_str     0x00000000      0x196 E:/Atmel/Studio/7.0/Packs/atmel/ATmega_DFP/1.2.132/gcc/dev/atmega32/avr5/crtatmega32.o
 .debug_str     0x00000196      0x6f7 goldboard4/Goldboard4.o
                                0x765 (size before relaxing)
 .debug_str     0x0000088d      0x18f goldboard4/Motor.o
                                0x4c2 (size before relaxing)
 .debug_str     0x00000a1c       0x8d goldboard4/PCF8574A.o
                                0x2be (size before relaxing)
 .debug_str     0x00000aa9      0x143 goldboard4/pwm.o
                                0x306 (size before relaxing)
 .debug_str     0x00000bec       0x4b goldboard4/time.o
                                0x240 (size before relaxing)
 .debug_str     0x00000c37      0x146 goldboard4/twi.o
                                0x349 (size before relaxing)
 .debug_str     0x00000d7d      0x1ad goldboard4/uart.o
                                0x25f (size before relaxing)
 .debug_str     0x00000f2a      0x5bf goldboard4/Wire.o
                                0x7a6 (size before relaxing)
 .debug_str     0x000014e9       0x67 main.o
                                0x754 (size before relaxing)

.debug_loc      0x00000000     0x26e0
 *(.debug_loc)
 .debug_loc     0x00000000      0xa42 goldboard4/Goldboard4.o
 .debug_loc     0x00000a42      0x5f8 goldboard4/Motor.o
 .debug_loc     0x0000103a      0x122 goldboard4/PCF8574A.o
 .debug_loc     0x0000115c      0x3b9 goldboard4/pwm.o
 .debug_loc     0x00001515       0xcb goldboard4/time.o
 .debug_loc     0x000015e0      0x450 goldboard4/twi.o
 .debug_loc     0x00001a30      0x304 goldboard4/uart.o
 .debug_loc     0x00001d34      0x93b goldboard4/Wire.o
 .debug_loc     0x0000266f       0x71 main.o

.debug_macinfo
 *(.debug_macinfo)

.debug_weaknames
 *(.debug_weaknames)

.debug_funcnames
 *(.debug_funcnames)

.debug_typenames
 *(.debug_typenames)

.debug_varnames
 *(.debug_varnames)

.debug_pubtypes
 *(.debug_pubtypes)

.debug_ranges   0x00000000      0x360
 *(.debug_ranges)
 .debug_ranges  0x00000000       0xb0 goldboard4/Goldboard4.o
 .debug_ranges  0x000000b0       0x48 goldboard4/Motor.o
 .debug_ranges  0x000000f8       0x30 goldboard4/PCF8574A.o
 .debug_ranges  0x00000128       0x58 goldboard4/pwm.o
 .debug_ranges  0x00000180       0x20 goldboard4/time.o
 .debug_ranges  0x000001a0       0x78 goldboard4/twi.o
 .debug_ranges  0x00000218       0x58 goldboard4/uart.o
 .debug_ranges  0x00000270       0xd8 goldboard4/Wire.o
 .debug_ranges  0x00000348       0x18 main.o

.debug_macro
 *(.debug_macro)
OUTPUT(goldboard4.elf elf32-avr)
LOAD linker stubs
